------------------------------------------------------------
Timing Analyzer Summary
------------------------------------------------------------

Type  : Slow 1100mV 85C Model Setup 'clk'
Slack : -4.642
TNS   : -191.166

Type  : Slow 1100mV 85C Model Hold 'clk'
Slack : 0.377
TNS   : 0.000

Type  : Slow 1100mV 85C Model Minimum Pulse Width 'clk'
Slack : -3.166
TNS   : -149.103

Type  : Slow 1100mV 0C Model Setup 'clk'
Slack : -4.951
TNS   : -197.685

Type  : Slow 1100mV 0C Model Hold 'clk'
Slack : 0.372
TNS   : 0.000

Type  : Slow 1100mV 0C Model Minimum Pulse Width 'clk'
Slack : -3.166
TNS   : -150.280

Type  : Fast 1100mV 85C Model Setup 'clk'
Slack : -1.530
TNS   : -40.157

Type  : Fast 1100mV 85C Model Hold 'clk'
Slack : 0.179
TNS   : 0.000

Type  : Fast 1100mV 85C Model Minimum Pulse Width 'clk'
Slack : -2.174
TNS   : -38.727

Type  : Fast 1100mV 0C Model Setup 'clk'
Slack : -1.456
TNS   : -36.740

Type  : Fast 1100mV 0C Model Hold 'clk'
Slack : 0.159
TNS   : 0.000

Type  : Fast 1100mV 0C Model Minimum Pulse Width 'clk'
Slack : -2.174
TNS   : -38.792

------------------------------------------------------------
